
    using System;

    namespace ConsoleApplication1
    {
        class MyClass
        {
            Common.Logging.ILog Log = LogManager.GetLogger<MyClass>();
        }
    }